[elezioni2018.comune.venezia.it/index.html]
[elezioni.comune.venezia.it/citta-venezia.png]
[backblue.gif]
[fade.gif]
[index.html]
[ajax.googleapis.com/ajax/libs/webfont/1/webfont.js]
[elezioni2018.comune.venezia.it/build/build.css]
[elezioni2018.comune.venezia.it/build/vendor/modernizr.js]
[elezioni2018.comune.venezia.it/favicon.ico]
[elezioni2018.comune.venezia.it/apple-touch-icon-57x57.png]
[elezioni2018.comune.venezia.it/apple-touch-icon-76x76.png]
[elezioni2018.comune.venezia.it/apple-touch-icon-120x120.png]
[elezioni2018.comune.venezia.it/apple-touch-icon-152x152.png]
[elezioni2018.comune.venezia.it/apple-touch-icon-180x180.png]
[elezioni2018.comune.venezia.it/build/vendor/jquery.min.js]
[elezioni2018.comune.venezia.it/immagini/logo/come-di-venezia_logo.png]
[elezioni2018.comune.venezia.it/risultati/451/A/30241.html]
[elezioni2018.comune.venezia.it/affluenze.html]
[elezioni2018.comune.venezia.it/risultati/451/A/20201.html]
[elezioni2018.comune.venezia.it/risultati/451/A/20202.html]
[elezioni2018.comune.venezia.it/risultati/451/A/20203.html]
[elezioni2018.comune.venezia.it/risultati/451/A/30243.html]
[elezioni2018.comune.venezia.it/risultati/451/A/30245.html]
[elezioni2018.comune.venezia.it/risultati/451/A/30247.html]
[elezioni2018.comune.venezia.it/risultati/451/A/30249.html]
[elezioni2018.comune.venezia.it/risultati/451/A/30251.html]
[elezioni2018.comune.venezia.it/risultati/451/A/30253.html]
[elezioni2018.comune.venezia.it/risultati/451/S/1.html]
[elezioni2018.comune.venezia.it/mappa-voto-risultati-senato.html]
[elezioni2018.comune.venezia.it/risultati/447/A/30241.html]
[elezioni2018.comune.venezia.it/risultati/447/A/20201.html]
[elezioni2018.comune.venezia.it/risultati/447/A/20202.html]
[elezioni2018.comune.venezia.it/risultati/447/A/20203.html]
[elezioni2018.comune.venezia.it/risultati/447/A/30243.html]
[elezioni2018.comune.venezia.it/risultati/447/A/30245.html]
[elezioni2018.comune.venezia.it/risultati/447/A/30247.html]
[elezioni2018.comune.venezia.it/risultati/447/A/30249.html]
[elezioni2018.comune.venezia.it/risultati/447/A/30251.html]
[elezioni2018.comune.venezia.it/risultati/447/A/30253.html]
[elezioni2018.comune.venezia.it/risultati/447/S/1.html]
[elezioni2018.comune.venezia.it/mappa-voto-risultati-camera.html]
[elezioni2018.comune.venezia.it/immagini/451/15_1292_FRATELLIDITALIACONGIORGIAMELONI_SIE.png]
[elezioni2018.comune.venezia.it/immagini/451/16_1293_NOICONLITALIAUDC_SIE.png]
[elezioni2018.comune.venezia.it/immagini/451/17_1291_FORZAITALIA_SIE.png]
[elezioni2018.comune.venezia.it/immagini/451/18_1290_LEGA_SIE.png]
[elezioni2018.comune.venezia.it/immagini/451/01_1276_MOVIMENTO5STELLE_SIE.png]
[elezioni2018.comune.venezia.it/immagini/451/06_1282_PARTITODEMOCRATICO_SIE.png]
[elezioni2018.comune.venezia.it/immagini/451/07_1281_ITALIAEUROPAINSIEME_SIE.png]
[elezioni2018.comune.venezia.it/immagini/451/08_1284_CIVICAPOPOLARELORENZIN_SIE.png]
[elezioni2018.comune.venezia.it/immagini/451/09_1283_PIUEUROPA_SIE.png]
[elezioni2018.comune.venezia.it/immagini/451/11_1286_LIBERIEUGUALI_SIE.png]
[elezioni2018.comune.venezia.it/immagini/451/04_1279_POTEREALPOPOLO_SIE.png]
[elezioni2018.comune.venezia.it/immagini/451/14_1289_ILPOPOLODELLAFAMIGLIA_SIE.png]
[elezioni2018.comune.venezia.it/immagini/451/02_1277_ITALIAAGLIITALIANI_SIE.png]
[elezioni2018.comune.venezia.it/immagini/451/13_1288_CASAPOUNDITALIA_SIE.png]
[elezioni2018.comune.venezia.it/immagini/451/05_1280_GRANDENORD_SIE.png]
[elezioni2018.comune.venezia.it/immagini/451/10_1285_PERUNASINISTRARIVOLUZIONARIA_SIE.png]
[elezioni2018.comune.venezia.it/immagini/451/12_1287_PARTITOVALOREUMANO_SIE.png]
[elezioni2018.comune.venezia.it/immagini/451/03_1278_PARTITOREPUBBLICANOITALIANOALA_SIE.png]
[elezioni2018.comune.venezia.it/immagini/logo/venis.png]
[elezioni2018.comune.venezia.it/index.html]
[elezioni2018.comune.venezia.it/build/assets/5d3ff71c1b26.eot]
[elezioni2018.comune.venezia.it/build/assets/80f3eca61b26.woff]
[elezioni2018.comune.venezia.it/build/build.css]
[elezioni2018.comune.venezia.it/risultati/451/A/risultati/447/S/1]
[elezioni2018.comune.venezia.it/risultati/451/A/30241.html]
[elezioni2018.comune.venezia.it/affluenze.html]
[elezioni2018.comune.venezia.it/risultati/451/A/20201.html]
[elezioni2018.comune.venezia.it/risultati/451/A/20202.html]
[elezioni2018.comune.venezia.it/risultati/451/A/20203.html]
[elezioni2018.comune.venezia.it/risultati/451/A/30243.html]
[elezioni2018.comune.venezia.it/build/IWT.min.js]
[elezioni2018.comune.venezia.it/risultati/451/A/30245.html]
[elezioni2018.comune.venezia.it/risultati/451/A/30247.html]
[elezioni2018.comune.venezia.it/risultati/451/A/30249.html]
[elezioni2018.comune.venezia.it/risultati/451/A/30251.html]
[elezioni2018.comune.venezia.it/risultati/451/A/30253.html]
[elezioni2018.comune.venezia.it/risultati/451/S/risultati/447/S/1]
[elezioni2018.comune.venezia.it/risultati/451/S/1.html]
[elezioni2018.comune.venezia.it/build/build_map.css]
[unpkg.com/leaflet@1.2.0/dist/leaflet.css]
[unpkg.com/leaflet@1.2.0/dist/leaflet-src.js]
[unpkg.com/esri-leaflet-geocoder@2.2.8/dist/esri-leaflet-geocoder.css]
[elezioni2018.comune.venezia.it/script/mappaS.js]
[elezioni2018.comune.venezia.it/script/mappa.js]
[elezioni2018.comune.venezia.it/mappa-voto-risultati-senato.html]
[elezioni2018.comune.venezia.it/risultati/447/A/risultati/447/S/1]
[elezioni2018.comune.venezia.it/immagini/447/02_1262_LEGA_SIE.png]
[elezioni2018.comune.venezia.it/immagini/447/03_1261_FRATELLIDITALIACONGIORGIAMELONI_SIE.png]
[elezioni2018.comune.venezia.it/immagini/447/04_1259_NOICONLITALIAUDC_SIE.png]
[elezioni2018.comune.venezia.it/immagini/447/05_1260_FORZAITALIA_SIE.png]
[elezioni2018.comune.venezia.it/immagini/447/13_1270_MOVIMENTO5STELLE_SIE.png]
[elezioni2018.comune.venezia.it/immagini/447/14_1271_PIUEUROPA_SIE.png]
[elezioni2018.comune.venezia.it/immagini/447/15_1273_CIVICAPOPOLARELORENZIN_SIE.png]
[elezioni2018.comune.venezia.it/immagini/447/16_1272_PARTITODEMOCRATICO_SIE.png]
[elezioni2018.comune.venezia.it/immagini/447/17_1274_ITALIAEUROPAINSIEME_SIE.png]
[elezioni2018.comune.venezia.it/immagini/447/12_1269_LIBERIEUGUALI_SIE.png]
[elezioni2018.comune.venezia.it/immagini/447/07_1264_POTEREALPOPOLO_SIE.png]
[elezioni2018.comune.venezia.it/immagini/447/01_1258_ILPOPOLODELLAFAMIGLIA_SIE.png]
[elezioni2018.comune.venezia.it/immagini/447/09_1266_CASAPOUNDITALIA_SIE.png]
[elezioni2018.comune.venezia.it/immagini/447/08_1265_ITALIAAGLIITALIANI_SIE.png]
[elezioni2018.comune.venezia.it/immagini/447/06_1263_GRANDENORD_SIE.png]
[elezioni2018.comune.venezia.it/immagini/447/10_1267_DIECIVOLTEMEGLIO_SIE.png]
[elezioni2018.comune.venezia.it/immagini/447/11_1268_PARTITOVALOREUMANO_SIE.png]
[elezioni2018.comune.venezia.it/immagini/447/18_1275_PARTITOREPUBBLICANOITALIANOALA_SIE.png]
[elezioni2018.comune.venezia.it/risultati/447/A/30241.html]
[elezioni2018.comune.venezia.it/risultati/447/A/20201.html]
[elezioni2018.comune.venezia.it/risultati/447/A/20202.html]
[elezioni2018.comune.venezia.it/risultati/447/A/20203.html]
[elezioni2018.comune.venezia.it/risultati/447/A/30243.html]
[elezioni2018.comune.venezia.it/risultati/447/A/30245.html]
[elezioni2018.comune.venezia.it/risultati/447/A/30247.html]
[elezioni2018.comune.venezia.it/risultati/447/A/30249.html]
[elezioni2018.comune.venezia.it/risultati/447/A/30251.html]
[elezioni2018.comune.venezia.it/risultati/447/A/30253.html]
[elezioni2018.comune.venezia.it/risultati/447/S/risultati/447/S/1]
[elezioni2018.comune.venezia.it/risultati/447/S/1.html]
[elezioni2018.comune.venezia.it/script/mappaC.js]
[elezioni2018.comune.venezia.it/mappa-voto-risultati-camera.html]
[elezioni2018.comune.venezia.it/build/assets/602e9d031b26.html]
[elezioni2018.comune.venezia.it/build/assets/cf91165a1b26.svg]
[elezioni2018.comune.venezia.it/risultati/451/A/risultati/447/S/1.html]
[elezioni2018.comune.venezia.it/risultati/451/S/risultati/447/S/1.html]
[elezioni2018.comune.venezia.it/build/build_map.css]
[unpkg.com/leaflet@1.2.0/dist/images/layers.png]
[unpkg.com/leaflet@1.2.0/dist/images/layers-2x.png]
[unpkg.com/leaflet@1.2.0/dist/images/marker-icon.png]
[unpkg.com/leaflet@1.2.0/dist/leaflet.css]
[unpkg.com/esri-leaflet-geocoder@2.2.8/dist/img/search.png]
[unpkg.com/esri-leaflet-geocoder@2.2.8/dist/img/search-disabled.png]
[unpkg.com/esri-leaflet-geocoder@2.2.8/dist/img/loading.gif]
[unpkg.com/esri-leaflet-geocoder@2.2.8/dist/img/search@2x.png]
[unpkg.com/esri-leaflet-geocoder@2.2.8/dist/img/search@2x-disabled.png]
[unpkg.com/esri-leaflet-geocoder@2.2.8/dist/esri-leaflet-geocoder.css]
[unpkg.com/esri-leaflet-geocoder@2.2.8/dist/img/loading@2x.gif]
[elezioni2018.comune.venezia.it/risultati/447/A/risultati/447/S/1.html]
[elezioni2018.comune.venezia.it/risultati/447/S/risultati/447/S/1.html]
